src/pages/Dashboard/DashboardPage.tsx(3,20): error TS1261: Already included file name 'D:/Coding/mindmap-client/src/components/layout/TopBar.tsx' differs from file name 'D:/Coding/mindmap-client/src/components/layout/Topbar.tsx' only in casing.
  The file is in the program because:
    Imported via "../../components/layout/TopBar" from file 'D:/Coding/mindmap-client/src/pages/Dashboard/DashboardPage.tsx'
    Matched by include pattern 'src' in 'D:/Coding/mindmap-client/tsconfig.app.json'
src/pages/Editor/EditorPage.tsx(23,9): error TS6133: 'deleteNode' is declared but its value is never read.
src/pages/Editor/EditorPage.tsx(24,9): error TS6133: 'selectNode' is declared but its value is never read.
src/store/mapsStore.ts(2,1): error TS6133: 'service' is declared but its value is never read.
